To honour the JVM settings for this build a single-use Daemon process will be forked. For more on this, please refer to https://docs.gradle.org/8.8/userguide/gradle_daemon.html#sec:disabling_the_daemon in the Gradle documentation.
Daemon will be stopped at the end of the build 
> Task :cache:generateGrammarSource UP-TO-DATE
> Task :runelite-gradle-plugin:pluginDescriptors UP-TO-DATE
> Task :runelite-gradle-plugin:processResources UP-TO-DATE
> Task :cache:generateEffectiveLombokConfig UP-TO-DATE
> Task :cache:compileJava UP-TO-DATE
> Task :cache:processResources UP-TO-DATE
> Task :cache:classes UP-TO-DATE
> Task :cache:jar UP-TO-DATE
> Task :runelite-gradle-plugin:compileJava UP-TO-DATE
> Task :runelite-gradle-plugin:classes UP-TO-DATE
> Task :runelite-gradle-plugin:jar UP-TO-DATE
> Task :vineflower:buildSrc:extractPluginRequests NO-SOURCE
> Task :vineflower:buildSrc:generatePluginAdapters NO-SOURCE
> Task :vineflower:buildSrc:compileJava UP-TO-DATE
> Task :vineflower:buildSrc:compileGroovy UP-TO-DATE
> Task :vineflower:buildSrc:compileGroovyPlugins NO-SOURCE
> Task :vineflower:buildSrc:pluginDescriptors UP-TO-DATE
> Task :vineflower:buildSrc:processResources NO-SOURCE
> Task :vineflower:buildSrc:classes UP-TO-DATE
> Task :vineflower:buildSrc:jar UP-TO-DATE

> Configure project :runelite-mp
runelite-mp release: signing with C:/Users/tyler/keystores/runelite-mp-release.jks (alias=runelite-mp)

> Task :android-awt:checkKotlinGradlePluginConfigurationErrors SKIPPED
> Task :android-awt:preBuild UP-TO-DATE
> Task :android-awt:preReleaseBuild UP-TO-DATE
> Task :runelite-api:packComponents UP-TO-DATE
> Task :android-awt:generateReleaseResValues UP-TO-DATE
> Task :jshell:generateEffectiveLombokConfig UP-TO-DATE
> Task :android-awt:generateReleaseResources UP-TO-DATE
> Task :jshell:compileJava UP-TO-DATE
> Task :android-awt:packageReleaseResources UP-TO-DATE
> Task :runelite-mp:desugarStringConcat UP-TO-DATE
> Task :runelite-mp:desugarLambdas UP-TO-DATE
> Task :runelite-mp:convertXmlValueResourcesForAndroidMain NO-SOURCE
> Task :runelite-mp:copyNonXmlValueResourcesForAndroidMain NO-SOURCE
> Task :runelite-api:generateEffectiveLombokConfig UP-TO-DATE
> Task :runelite-mp:prepareComposeResourcesTaskForAndroidMain NO-SOURCE
> Task :runelite-mp:convertXmlValueResourcesForAndroidRelease NO-SOURCE
> Task :runelite-mp:copyNonXmlValueResourcesForAndroidRelease NO-SOURCE
> Task :runelite-mp:prepareComposeResourcesTaskForAndroidRelease NO-SOURCE
> Task :runelite-mp:convertXmlValueResourcesForCommonMain NO-SOURCE
> Task :runelite-mp:copyNonXmlValueResourcesForCommonMain NO-SOURCE
> Task :runelite-mp:prepareComposeResourcesTaskForCommonMain NO-SOURCE
> Task :runelite-mp:copyReleaseComposeResourcesToAndroidAssets UP-TO-DATE
> Task :runelite-mp:generateResourceAccessorsForAndroidMain NO-SOURCE
> Task :runelite-mp:generateResourceAccessorsForAndroidRelease NO-SOURCE
> Task :runelite-mp:generateResourceAccessorsForCommonMain NO-SOURCE
> Task :generateLinkerWrapper UP-TO-DATE
> Task :runelite-mp:buildKotlinToolingMetadata UP-TO-DATE
> Task :runelite-mp:checkKotlinGradlePluginConfigurationErrors SKIPPED
> Task :runelite-mp:generateActualResourceCollectorsForAndroidMain UP-TO-DATE
> Task :runelite-mp:generateComposeResClass UP-TO-DATE
> Task :runelite-mp:generateExpectResourceCollectorsForCommonMain UP-TO-DATE
> Task :runelite-mp:preBuild UP-TO-DATE
> Task :runelite-mp:preReleaseBuild UP-TO-DATE
> Task :runelite-mp:generateReleaseBuildConfig UP-TO-DATE
> Task :runelite-mp:generateReleaseResValues UP-TO-DATE
> Task :runelite-mp:injectCrashlyticsMappingFileIdRelease
> Task :runelite-api:compileJava UP-TO-DATE
> Task :runelite-mp:processReleaseGoogleServices UP-TO-DATE
> Task :runelite-api:processResources NO-SOURCE
> Task :runelite-api:classes UP-TO-DATE
> Task :runelite-api:jar UP-TO-DATE
> Task :client:generateEffectiveLombokConfig UP-TO-DATE
> Task :jshell:processResources UP-TO-DATE
> Task :jshell:classes UP-TO-DATE
> Task :jshell:jar UP-TO-DATE
> Task :client:assembleRs2asm UP-TO-DATE
> Task :android-awt:parseReleaseLocalResources UP-TO-DATE
> Task :android-awt:generateReleaseRFile UP-TO-DATE
> Task :runelite-mp:mapReleaseSourceSetPaths UP-TO-DATE
> Task :runelite-mp:generateReleaseResources UP-TO-DATE
> Task :client:compileJava UP-TO-DATE
> Task :client:buildRs2asmIndex UP-TO-DATE
> Task :client:processResources UP-TO-DATE
> Task :client:classes UP-TO-DATE
> Task :client:jar UP-TO-DATE
> Task :client:jarSign SKIPPED
> Task :android-awt:javaPreCompileRelease UP-TO-DATE
> Task :android-awt:extractProguardFiles UP-TO-DATE
> Task :android-awt:processReleaseManifest UP-TO-DATE
> Task :android-awt:prepareLintJarForPublish UP-TO-DATE
> Task :android-awt:writeReleaseAarMetadata UP-TO-DATE
> Task :android-awt:extractDeepLinksRelease UP-TO-DATE

> Task :android-awt:cargoBuildArm64
warning: variable does not need to be mutable
  --> src\lib.rs:71:9
   |
71 |     let mut elements = unsafe { env.get_array_elements(array, mode).ok()? };
   |         ----^^^^^^^^
   |         |
   |         help: remove this `mut`
   |
   = note: `#[warn(unused_mut)]` (part of `#[warn(unused)]`) on by default

warning: `runelite-awt-native` (lib) generated 1 warning (run `cargo fix --lib -p runelite-awt-native` to apply 1 suggestion)
    Finished `release` profile [optimized] target(s) in 0.05s

> Task :android-awt:cargoBuildX86_64
warning: variable does not need to be mutable
  --> src\lib.rs:71:9
   |
71 |     let mut elements = unsafe { env.get_array_elements(array, mode).ok()? };
   |         ----^^^^^^^^
   |         |
   |         help: remove this `mut`
   |
   = note: `#[warn(unused_mut)]` (part of `#[warn(unused)]`) on by default

warning: `runelite-awt-native` (lib) generated 1 warning (run `cargo fix --lib -p runelite-awt-native` to apply 1 suggestion)
    Finished `release` profile [optimized] target(s) in 0.05s

> Task :android-awt:mergeReleaseJniLibFolders UP-TO-DATE
> Task :android-awt:mergeReleaseNativeLibs UP-TO-DATE
> Task :android-awt:stripReleaseDebugSymbols UP-TO-DATE
> Task :android-awt:copyReleaseJniLibsProjectAndLocalJars UP-TO-DATE
> Task :android-awt:extractDeepLinksForAarRelease UP-TO-DATE
> Task :android-awt:mergeReleaseShaders UP-TO-DATE
> Task :android-awt:compileReleaseShaders NO-SOURCE
> Task :android-awt:generateReleaseAssets UP-TO-DATE
> Task :android-awt:packageReleaseAssets UP-TO-DATE
> Task :android-awt:prepareReleaseArtProfile UP-TO-DATE
> Task :android-awt:writeReleaseLintModelMetadata UP-TO-DATE
> Task :android-awt:copyReleaseJniLibsProjectOnly UP-TO-DATE
> Task :runelite-mp:checkReleaseAarMetadata UP-TO-DATE
> Task :runelite-mp:packageReleaseResources
> Task :runelite-mp:createReleaseCompatibleScreenManifests UP-TO-DATE
> Task :runelite-mp:extractDeepLinksRelease UP-TO-DATE
> Task :android-awt:compileReleaseKotlin
> Task :runelite-mp:processReleaseMainManifest UP-TO-DATE
> Task :runelite-mp:processReleaseManifest UP-TO-DATE
> Task :runelite-mp:processReleaseManifestForPackage UP-TO-DATE
> Task :runelite-mp:javaPreCompileRelease UP-TO-DATE
> Task :runelite-mp:extractProguardFiles UP-TO-DATE
> Task :runelite-mp:mergeReleaseJniLibFolders UP-TO-DATE
> Task :runelite-mp:parseReleaseLocalResources
> Task :runelite-mp:mergeReleaseNativeLibs UP-TO-DATE
> Task :runelite-mp:stripReleaseDebugSymbols UP-TO-DATE
> Task :runelite-mp:extractReleaseNativeSymbolTables UP-TO-DATE
> Task :runelite-mp:mergeReleaseNativeDebugMetadata NO-SOURCE
> Task :runelite-mp:mergeReleaseArtProfile UP-TO-DATE
> Task :runelite-mp:expandReleaseL8ArtProfileWildcards UP-TO-DATE
> Task :runelite-mp:checkReleaseDuplicateClasses UP-TO-DATE
> Task :runelite-mp:mergeReleaseStartupProfile UP-TO-DATE
> Task :runelite-mp:mergeReleaseShaders UP-TO-DATE
> Task :runelite-mp:compileReleaseShaders NO-SOURCE
> Task :runelite-mp:generateReleaseAssets UP-TO-DATE
> Task :runelite-mp:releaseAssetsCopyForAGP NO-SOURCE
> Task :runelite-mp:mergeReleaseResources
> Task :runelite-mp:mergeReleaseAssets UP-TO-DATE
> Task :runelite-mp:compressReleaseAssets UP-TO-DATE
> Task :runelite-mp:extractReleaseVersionControlInfo UP-TO-DATE
> Task :runelite-mp:processApplicationManifestReleaseForBundle UP-TO-DATE
> Task :runelite-mp:collectReleaseDependencies UP-TO-DATE
> Task :runelite-mp:sdkReleaseDependencyData UP-TO-DATE
> Task :runelite-mp:validateSigningRelease UP-TO-DATE
> Task :runelite-mp:writeReleaseAppMetadata UP-TO-DATE
> Task :runelite-mp:writeReleaseSigningConfigVersions UP-TO-DATE
> Task :runelite-mp:processReleaseResources

> Task :android-awt:compileReleaseJavaWithJavac
Java compiler version 21 has deprecated support for compiling with source/target version 8.
Try one of the following options:
    1. [Recommended] Use Java toolchain with a lower language version
    2. Set a higher source/target version
    3. Use a lower version of the JDK running the build (if you're not using Java toolchain)
For more details on how to configure these settings, see https://developer.android.com/build/jdks.
To suppress this warning, set android.javaCompile.suppressSourceTargetDeprecationWarning=true in gradle.properties.
warning: [options] source value 8 is obsolete and will be removed in a future release
warning: [options] target value 8 is obsolete and will be removed in a future release
warning: [options] To suppress warnings about obsolete options, use -Xlint:-options.
3 warnings

> Task :android-awt:generateReleaseLintVitalModel
> Task :android-awt:processReleaseJavaRes UP-TO-DATE
> Task :android-awt:generateReleaseLintModel
> Task :android-awt:extractReleaseAnnotations
> Task :android-awt:mergeReleaseGeneratedProguardFiles UP-TO-DATE
> Task :android-awt:mergeReleaseConsumerProguardFiles UP-TO-DATE
> Task :android-awt:mergeReleaseJavaResource UP-TO-DATE
> Task :runelite-mp:bundleReleaseResources
> Task :android-awt:bundleLibRuntimeToJarRelease
> Task :android-awt:bundleLibCompileToJarRelease
> Task :android-awt:syncReleaseLibJars
> Task :android-awt:createFullJarRelease
> Task :android-awt:bundleReleaseLocalLintAar
> Task :android-awt:exportReleaseConsumerProguardFiles UP-TO-DATE
> Task :android-awt:lintVitalAnalyzeRelease
> Task :runelite-mp:compileReleaseKotlinAndroid
> Task :runelite-mp:compileReleaseJavaWithJavac UP-TO-DATE
> Task :runelite-mp:generateReleaseLintVitalReportModel
> Task :runelite-mp:mergeReleaseGeneratedProguardFiles UP-TO-DATE
> Task :runelite-mp:processReleaseJavaRes UP-TO-DATE
> Task :runelite-mp:mergeReleaseJavaResource UP-TO-DATE
> Task :runelite-mp:expandReleaseArtProfileWildcards

> Task :runelite-mp:minifyReleaseWithR8
WARNING: R8: The following library types, prefixed by java., are present both as library and non library classes: java.awt.font.TextAttribute, java.beans.PropertyChangeEvent, java.beans.PropertyChangeListener. Library classes will be ignored.
WARNING: C:\Users\tyler\Documents\code\runelite\runelite-mp\build\intermediates\merged_java_res\release\mergeReleaseJavaResource\base.jar: R8: Unexpected reference to missing service class: META-INF/services/javax.servlet.ServletContainerInitializer.

> Task :runelite-mp:lintVitalAnalyzeRelease
e: file:///C:/Users/tyler/.gradle/caches/8.8/transforms/bbb39a5ea33388a8cd8e482e8b130429/transformed/play-services-measurement-api-23.2.0/jars/classes.jar!/META-INF/java.com.google.android.gmscore.integ.client.measurement_api_measurement_api.kotlin_module Module was compiled with an incompatible version of Kotlin. The binary version of its metadata is 2.2.0, expected version is 2.0.0.
e: file:///C:/Users/tyler/.gradle/caches/8.8/transforms/e14e14efa2abd5f865185fa0937bf0da/transformed/play-services-measurement-impl-23.2.0/jars/classes.jar!/META-INF/java.com.google.android.gms.libs.filecompliance.proto_file_access_api_type_kt_proto_lite.kotlin_module Module was compiled with an incompatible version of Kotlin. The binary version of its metadata is 2.2.0, expected version is 2.0.0.
e: file:///C:/Users/tyler/.gradle/caches/8.8/transforms/e14e14efa2abd5f865185fa0937bf0da/transformed/play-services-measurement-impl-23.2.0/jars/classes.jar!/META-INF/third_party.kotlin.protobuf.src.commonMain.kotlin.com.google.protobuf.kotlin_only_for_use_in_proto_generated_code_its_generator_and_tests.kotlin_module Module was compiled with an incompatible version of Kotlin. The binary version of its metadata is 2.2.0, expected version is 2.0.0.
e: file:///C:/Users/tyler/.gradle/caches/8.8/transforms/e14e14efa2abd5f865185fa0937bf0da/transformed/play-services-measurement-impl-23.2.0/jars/classes.jar!/META-INF/third_party.kotlin.protobuf.src.commonMain.kotlin.com.google.protobuf.kotlin_shared_runtime.kotlin_module Module was compiled with an incompatible version of Kotlin. The binary version of its metadata is 2.2.0, expected version is 2.0.0.
e: file:///C:/Users/tyler/.gradle/caches/8.8/transforms/e14e14efa2abd5f865185fa0937bf0da/transformed/play-services-measurement-impl-23.2.0/jars/classes.jar!/META-INF/java.com.google.async.coroutines_annotations.kotlin_module Module was compiled with an incompatible version of Kotlin. The binary version of its metadata is 2.2.0, expected version is 2.0.0.

> Task :runelite-mp:lintVitalReportRelease
> Task :runelite-mp:lintVitalRelease

> Task :runelite-mp:minifyReleaseWithR8
WARNING: R8: An error occurred when parsing kotlin metadata. This normally happens when using a newer version of kotlin than the kotlin version released when this version of R8 was created. To find compatible kotlin versions, please see: https://developer.android.com/studio/build/kotlin-d8-r8-versions
WARNING: R8: An error occurred when parsing kotlin metadata. This normally happens when using a newer version of kotlin than the kotlin version released when this version of R8 was created. To find compatible kotlin versions, please see: https://developer.android.com/studio/build/kotlin-d8-r8-versions
WARNING: R8: An error occurred when parsing kotlin metadata. This normally happens when using a newer version of kotlin than the kotlin version released when this version of R8 was created. To find compatible kotlin versions, please see: https://developer.android.com/studio/build/kotlin-d8-r8-versions

WARNING: R8: The method `javax.swing.plaf.ComponentUI net.runelite.client.ui.laf.RuneLiteCheckBoxUI.createUI(javax.swing.JComponent)` does not type check and will be assumed to be unreachable.
WARNING: R8: The method `java.awt.Dimension com.formdev.flatlaf.util.UIScale.scale(java.awt.Dimension)` does not type check and will be assumed to be unreachable.
WARNING: R8: The method `java.awt.Color com.formdev.flatlaf.ui.FlatUIUtils.getParentBackground(javax.swing.JComponent)` does not type check and will be assumed to be unreachable.
WARNING: R8: The method `java.awt.Color org.fife.ui.rsyntaxtextarea.Theme.getDefaultSelectionBG()` does not type check and will be assumed to be unreachable.
WARNING: R8: The method `javax.swing.plaf.ComponentUI com.formdev.flatlaf.ui.FlatCheckBoxUI.createUI(javax.swing.JComponent)` does not type check and will be assumed to be unreachable.
WARNING: R8: The method `java.awt.Insets com.formdev.flatlaf.util.UIScale.scale(java.awt.Insets)` does not type check and will be assumed to be unreachable.
WARNING: R8: The method `javax.swing.plaf.ComponentUI com.formdev.flatlaf.ui.FlatRadioButtonUI.createUI(javax.swing.JComponent)` does not type check and will be assumed to be unreachable.
WARNING: R8: The method `java.awt.Color org.fife.ui.rsyntaxtextarea.focusabletip.TipUtil.getToolTipBackground()` does not type check and will be assumed to be unreachable.
WARNING: R8: The method `javax.swing.plaf.ComponentUI net.runelite.client.ui.laf.RuneLiteRadioButtonUI.createUI(javax.swing.JComponent)` does not type check and will be assumed to be unreachable.
WARNING: R8: The method `java.awt.Color org.fife.ui.autocomplete.TipUtil.getToolTipBackground()` does not type check and will be assumed to be unreachable.
WARNING: R8: The method `java.awt.Color org.fife.ui.rsyntaxtextarea.Theme.getDefaultSelectionFG()` does not type check and will be assumed to be unreachable.
WARNING: R8: The method `java.awt.Color org.fife.ui.rsyntaxtextarea.Theme.getDefaultBG()` does not type check and will be assumed to be unreachable.

> Task :runelite-mp:l8DexDesugarLibRelease
Info: Proguard configuration rule does not match anything: `-keepclassmembers class j$.util.concurrent.ConcurrentHashMap$TreeBin {
  int lockState;
}`
Info: Proguard configuration rule does not match anything: `-keepclassmembers class j$.util.concurrent.ConcurrentHashMap {
  int sizeCtl;
  int transferIndex;
  long baseCount;
  int cellsBusy;
}`
Info: Proguard configuration rule does not match anything: `-keepclassmembers class j$.util.concurrent.ConcurrentHashMap$CounterCell {
  long value;
}`
Info: Proguard configuration rule does not match anything: `-keepclassmembers enum * {
  public static **[] values();
  public static ** valueOf(java.lang.String);
  public static final synthetic <fields>;
}`
Info: Proguard configuration rule does not match anything: `-keepclassmembers class j$.util.IntSummaryStatistics {
  long count;
  long sum;
  int min;
  int max;
}`
Info: Proguard configuration rule does not match anything: `-keepclassmembers class j$.util.LongSummaryStatistics {
  long count;
  long sum;
  long min;
  long max;
}`
Info: Proguard configuration rule does not match anything: `-keepclassmembers class j$.util.DoubleSummaryStatistics {
  long count;
  double sum;
  double min;
  double max;
}`

> Task :runelite-mp:uploadCrashlyticsMappingFileRelease
> Task :runelite-mp:compileReleaseArtProfile
> Task :runelite-mp:shrinkReleaseRes
> Task :runelite-mp:convertReleaseProtoResources
> Task :runelite-mp:optimizeReleaseResources
> Task :runelite-mp:packageRelease
> Task :runelite-mp:createReleaseApkListingFileRedirect UP-TO-DATE
> Task :runelite-mp:assembleRelease

Deprecated Gradle features were used in this build, making it incompatible with Gradle 9.0.

You can use '--warning-mode all' to show the individual deprecation warnings and determine if they come from your own scripts or plugins.

For more on this, please refer to https://docs.gradle.org/8.8/userguide/command_line_interface.html#sec:command_line_warnings in the Gradle documentation.

BUILD SUCCESSFUL in 1m 56s
130 actionable tasks: 33 executed, 97 up-to-date
EXIT=0
